2025-06-12 16:06:38,348 - TestLogger - INFO - Starting pytest execution...
2025-06-12 16:06:38,402 - TestLogger - INFO - Pytest execution finished.
2025-06-12 16:06:41,403 - TestLogger - INFO - Generating Allure report...
2025-06-12 16:06:42,722 - TestLogger - INFO - Allure report generated.
2025-06-12 16:08:42,842 - TestLogger - INFO - Starting pytest execution...
2025-06-12 16:08:42,902 - TestLogger - INFO - Pytest execution finished.
2025-06-12 16:08:45,902 - TestLogger - INFO - Generating Allure report...
2025-06-12 16:08:47,200 - TestLogger - INFO - Allure report generated.
2025-06-12 16:14:44,941 - TestLogger - INFO - Starting pytest execution...
2025-06-12 16:14:45,000 - TestLogger - INFO - Pytest execution finished.
2025-06-12 16:14:48,001 - TestLogger - INFO - Generating Allure report...
2025-06-12 16:14:49,300 - TestLogger - INFO - Allure report generated.
2025-06-12 16:15:25,897 - TestLogger - INFO - Starting pytest execution...
2025-06-12 16:15:25,951 - TestLogger - INFO - Pytest execution finished.
2025-06-12 16:15:28,952 - TestLogger - INFO - Generating Allure report...
2025-06-12 16:15:30,261 - TestLogger - INFO - Allure report generated.
2025-06-12 16:15:48,312 - TestLogger - INFO - Starting pytest execution...
2025-06-12 16:15:48,370 - TestLogger - INFO - Pytest execution finished.
2025-06-12 16:15:51,371 - TestLogger - INFO - Generating Allure report...
2025-06-12 16:15:52,666 - TestLogger - INFO - Allure report generated.
